[03-Sep-2026 03:56:54 Europe/Amsterdam] [EXCEPTION] Class "Saec\Controllers\AuthController" not found in /volume1/web/cloud/core/Router.php:66
[03-Sep-2026 03:57:02 Europe/Amsterdam] [ERROR] [2] file_get_contents(/volume1/web/cloud/public/../storage/xc1cb20dd3961d2f2.conf): Failed to open stream: Permission denied in /volume1/web/cloud/public/index.php:37
[03-Sep-2026 03:57:06 Europe/Amsterdam] [ERROR] [2] file_get_contents(/volume1/web/cloud/public/../storage/xc1cb20dd3961d2f2.conf): Failed to open stream: Permission denied in /volume1/web/cloud/public/index.php:37
[03-Sep-2026 03:57:10 Europe/Amsterdam] [ERROR] [2] file_get_contents(/volume1/web/cloud/public/../storage/xc1cb20dd3961d2f2.conf): Failed to open stream: Permission denied in /volume1/web/cloud/public/index.php:37
[03-Sep-2026 03:57:12 Europe/Amsterdam] [ERROR] [2] file_get_contents(/volume1/web/cloud/public/../storage/xc1cb20dd3961d2f2.conf): Failed to open stream: Permission denied in /volume1/web/cloud/public/index.php:37
[03-Sep-2026 03:57:19 Europe/Amsterdam] [ERROR] [2] file_get_contents(/volume1/web/cloud/public/../storage/xc1cb20dd3961d2f2.conf): Failed to open stream: Permission denied in /volume1/web/cloud/public/index.php:37
[03-Sep-2026 03:57:26 Europe/Amsterdam] [ERROR] [2] file_get_contents(/volume1/web/cloud/public/../storage/xc1cb20dd3961d2f2.conf): Failed to open stream: Permission denied in /volume1/web/cloud/public/index.php:37
[03-Sep-2026 03:58:00 Europe/Amsterdam] [ERROR] [2] file_get_contents(/volume1/web/cloud/public/../storage/xc1cb20dd3961d2f2.conf): Failed to open stream: Permission denied in /volume1/web/cloud/public/index.php:37
[03-Sep-2026 03:58:01 Europe/Amsterdam] [ERROR] [2] file_get_contents(/volume1/web/cloud/public/../storage/xc1cb20dd3961d2f2.conf): Failed to open stream: Permission denied in /volume1/web/cloud/public/index.php:37
[03-Sep-2026 03:58:04 Europe/Amsterdam] [ERROR] [2] file_get_contents(/volume1/web/cloud/public/../storage/xc1cb20dd3961d2f2.conf): Failed to open stream: Permission denied in /volume1/web/cloud/public/index.php:37
[03-Sep-2026 03:58:05 Europe/Amsterdam] [ERROR] [2] file_get_contents(/volume1/web/cloud/public/../storage/xc1cb20dd3961d2f2.conf): Failed to open stream: Permission denied in /volume1/web/cloud/public/index.php:37
[03-Sep-2026 03:58:21 Europe/Amsterdam] [ERROR] [2] file_get_contents(/volume1/web/cloud/public/../storage/xc1cb20dd3961d2f2.conf): Failed to open stream: Permission denied in /volume1/web/cloud/public/index.php:37
[03-Sep-2026 03:58:22 Europe/Amsterdam] [ERROR] [2] file_get_contents(/volume1/web/cloud/public/../storage/xc1cb20dd3961d2f2.conf): Failed to open stream: Permission denied in /volume1/web/cloud/public/index.php:37
[03-Sep-2026 03:58:23 Europe/Amsterdam] [ERROR] [2] file_get_contents(/volume1/web/cloud/public/../storage/xc1cb20dd3961d2f2.conf): Failed to open stream: Permission denied in /volume1/web/cloud/public/index.php:37
[03-Sep-2026 03:58:24 Europe/Amsterdam] [ERROR] [2] file_get_contents(/volume1/web/cloud/public/../storage/xc1cb20dd3961d2f2.conf): Failed to open stream: Permission denied in /volume1/web/cloud/public/index.php:37
[03-Sep-2026 03:59:12 Europe/Amsterdam] [ERROR] [2] file_get_contents(/volume1/web/cloud/public/../storage/xc1cb20dd3961d2f2.conf): Failed to open stream: Permission denied in /volume1/web/cloud/public/index.php:37
[03-Sep-2026 03:59:13 Europe/Amsterdam] [ERROR] [2] file_get_contents(/volume1/web/cloud/public/../storage/xc1cb20dd3961d2f2.conf): Failed to open stream: Permission denied in /volume1/web/cloud/public/index.php:37
[03-Sep-2026 03:59:14 Europe/Amsterdam] [ERROR] [2] file_get_contents(/volume1/web/cloud/public/../storage/xc1cb20dd3961d2f2.conf): Failed to open stream: Permission denied in /volume1/web/cloud/public/index.php:37
[03-Sep-2026 03:59:22 Europe/Amsterdam] [ERROR] [2] file_get_contents(/volume1/web/cloud/public/../storage/xc1cb20dd3961d2f2.conf): Failed to open stream: Permission denied in /volume1/web/cloud/public/index.php:37
[03-Sep-2026 03:59:24 Europe/Amsterdam] [ERROR] [2] file_get_contents(/volume1/web/cloud/public/../storage/xc1cb20dd3961d2f2.conf): Failed to open stream: Permission denied in /volume1/web/cloud/public/index.php:37
[03-Sep-2026 03:59:30 Europe/Amsterdam] [ERROR] [2] file_get_contents(/volume1/web/cloud/public/../storage/xc1cb20dd3961d2f2.conf): Failed to open stream: Permission denied in /volume1/web/cloud/public/index.php:37
[03-Sep-2026 03:59:30 Europe/Amsterdam] [ERROR] [2] file_get_contents(/volume1/web/cloud/public/../storage/xc1cb20dd3961d2f2.conf): Failed to open stream: Permission denied in /volume1/web/cloud/public/index.php:37
[03-Sep-2026 03:59:30 Europe/Amsterdam] [ERROR] [2] file_get_contents(/volume1/web/cloud/public/../storage/xc1cb20dd3961d2f2.conf): Failed to open stream: Permission denied in /volume1/web/cloud/public/index.php:37
[03-Sep-2026 03:59:30 Europe/Amsterdam] [ERROR] [2] file_get_contents(/volume1/web/cloud/public/../storage/xc1cb20dd3961d2f2.conf): Failed to open stream: Permission denied in /volume1/web/cloud/public/index.php:37
[03-Sep-2026 04:00:46 Europe/Amsterdam] [ERROR] [2] file_get_contents(/volume1/web/cloud/public/../storage/xc1cb20dd3961d2f2.conf): Failed to open stream: Permission denied in /volume1/web/cloud/public/index.php:37
[03-Sep-2026 04:02:07 Europe/Amsterdam] [EXCEPTION] SQLSTATE[HY000] [1045] Access denied for user 'saec_user'@'192.168.0.201' (using password: YES) in /volume1/web/cloud/core/Database.php:25
[03-Sep-2026 04:02:53 Europe/Amsterdam] [EXCEPTION] SQLSTATE[HY000] [1045] Access denied for user 'saec_user'@'192.168.0.201' (using password: YES) in /volume1/web/cloud/core/Database.php:25
[03-Sep-2026 04:02:54 Europe/Amsterdam] [ERROR] [2] require(/volume1/web/cloud/core/../app/views/errors/404.php): Failed to open stream: No such file or directory in /volume1/web/cloud/core/Router.php:76
[03-Sep-2026 04:03:04 Europe/Amsterdam] [ERROR] [2] require(/volume1/web/cloud/core/../app/views/errors/404.php): Failed to open stream: No such file or directory in /volume1/web/cloud/core/Router.php:76
[03-Sep-2026 04:03:04 Europe/Amsterdam] [ERROR] [2] require(/volume1/web/cloud/core/../app/views/errors/404.php): Failed to open stream: No such file or directory in /volume1/web/cloud/core/Router.php:76
[03-Sep-2026 04:10:11 Europe/Amsterdam] [EXCEPTION] SQLSTATE[HY000] [1045] Access denied for user 'saec_cloud'@'192.168.0.201' (using password: YES) in /volume1/web/cloud/core/Database.php:25
[03-Sep-2026 04:17:03 Europe/Amsterdam] [EXCEPTION] SQLSTATE[42S22]: Column not found: 1054 Unknown column 'deleted_at' in 'WHERE' in /volume1/web/cloud/core/Database.php:48
[03-Sep-2026 04:18:31 Europe/Amsterdam] [EXCEPTION] SQLSTATE[42S22]: Column not found: 1054 Unknown column 'deleted_at' in 'WHERE' in /volume1/web/cloud/core/Database.php:48
[03-Sep-2026 04:18:32 Europe/Amsterdam] [EXCEPTION] SQLSTATE[42S22]: Column not found: 1054 Unknown column 'deleted_at' in 'WHERE' in /volume1/web/cloud/core/Database.php:48
[03-Sep-2026 04:19:59 Europe/Amsterdam] [EXCEPTION] SQLSTATE[42S22]: Column not found: 1054 Unknown column 'deleted_at' in 'WHERE' in /volume1/web/cloud/core/Database.php:48
[03-Sep-2026 04:20:01 Europe/Amsterdam] [EXCEPTION] SQLSTATE[42S22]: Column not found: 1054 Unknown column 'deleted_at' in 'WHERE' in /volume1/web/cloud/core/Database.php:48
[03-Sep-2026 04:20:49 Europe/Amsterdam] [EXCEPTION] SQLSTATE[42S22]: Column not found: 1054 Unknown column 'deleted_at' in 'WHERE' in /volume1/web/cloud/core/Database.php:48
[03-Sep-2026 04:22:33 Europe/Amsterdam] [EXCEPTION] SQLSTATE[42S22]: Column not found: 1054 Unknown column 'deleted_at' in 'WHERE' in /volume1/web/cloud/core/Database.php:48
[03-Sep-2026 04:22:35 Europe/Amsterdam] [EXCEPTION] SQLSTATE[42S22]: Column not found: 1054 Unknown column 'deleted_at' in 'WHERE' in /volume1/web/cloud/core/Database.php:48
[03-Sep-2026 04:23:02 Europe/Amsterdam] [EXCEPTION] SQLSTATE[42S22]: Column not found: 1054 Unknown column 's.created_by' in 'WHERE' in /volume1/web/cloud/core/Database.php:48
[03-Sep-2026 04:24:10 Europe/Amsterdam] [EXCEPTION] SQLSTATE[42S22]: Column not found: 1054 Unknown column 'deleted_at' in 'WHERE' in /volume1/web/cloud/core/Database.php:48
[03-Sep-2026 04:24:32 Europe/Amsterdam] [EXCEPTION] SQLSTATE[42S22]: Column not found: 1054 Unknown column 'deleted_at' in 'WHERE' in /volume1/web/cloud/core/Database.php:48
[03-Sep-2026 04:24:33 Europe/Amsterdam] [EXCEPTION] SQLSTATE[42S22]: Column not found: 1054 Unknown column 'deleted_at' in 'WHERE' in /volume1/web/cloud/core/Database.php:48
[03-Sep-2026 04:25:55 Europe/Amsterdam] [EXCEPTION] SQLSTATE[42S22]: Column not found: 1054 Unknown column 'deleted_at' in 'WHERE' in /volume1/web/cloud/core/Database.php:48
[03-Sep-2026 04:27:29 Europe/Amsterdam] [EXCEPTION] SQLSTATE[42S22]: Column not found: 1054 Unknown column 'deleted_at' in 'WHERE' in /volume1/web/cloud/core/Database.php:48
[03-Sep-2026 04:27:45 Europe/Amsterdam] [ERROR] [2] file_put_contents(/volume1/web/cloud/storage/uploads/794b8c4be74e57e738079b905ed42cc9.jpeg): Failed to open stream: Permission denied in /volume1/web/cloud/core/Encryption.php:93
[03-Sep-2026 05:05:56 Europe/Amsterdam] [EXCEPTION] SQLSTATE[42S22]: Column not found: 1054 Unknown column 'folder_id' in 'WHERE' in /volume1/web/cloud/core/Database.php:48
[03-Sep-2026 05:06:00 Europe/Amsterdam] [EXCEPTION] SQLSTATE[42S22]: Column not found: 1054 Unknown column 'deleted_at' in 'WHERE' in /volume1/web/cloud/core/Database.php:48
[03-Sep-2026 05:09:29 Europe/Amsterdam] [EXCEPTION] SQLSTATE[42S22]: Column not found: 1054 Unknown column 'folder_id' in 'WHERE' in /volume1/web/cloud/core/Database.php:48
[03-Sep-2026 05:10:49 Europe/Amsterdam] [EXCEPTION] SQLSTATE[42S22]: Column not found: 1054 Unknown column 'folder_id' in 'WHERE' in /volume1/web/cloud/core/Database.php:48
[03-Sep-2026 05:11:57 Europe/Amsterdam] [EXCEPTION] SQLSTATE[42S22]: Column not found: 1054 Unknown column 'folder_id' in 'WHERE' in /volume1/web/cloud/core/Database.php:48
[03-Sep-2026 05:12:02 Europe/Amsterdam] [EXCEPTION] SQLSTATE[42S22]: Column not found: 1054 Unknown column 'folder_id' in 'WHERE' in /volume1/web/cloud/core/Database.php:48
[03-Sep-2026 05:14:37 Europe/Amsterdam] [EXCEPTION] SQLSTATE[42S22]: Column not found: 1054 Unknown column 'folder_id' in 'WHERE' in /volume1/web/cloud/core/Database.php:48
[03-Sep-2026 05:14:38 Europe/Amsterdam] [EXCEPTION] SQLSTATE[42S22]: Column not found: 1054 Unknown column 'folder_id' in 'WHERE' in /volume1/web/cloud/core/Database.php:48
[03-Sep-2026 05:14:56 Europe/Amsterdam] [EXCEPTION] SQLSTATE[42S22]: Column not found: 1054 Unknown column 'deleted_at' in 'WHERE' in /volume1/web/cloud/core/Database.php:48
[03-Sep-2026 05:16:37 Europe/Amsterdam] [EXCEPTION] SQLSTATE[42S22]: Column not found: 1054 Unknown column 'deleted_at' in 'WHERE' in /volume1/web/cloud/core/Database.php:48
[03-Sep-2026 05:17:13 Europe/Amsterdam] [EXCEPTION] Call to undefined function t() in /volume1/web/cloud/app/Views/layouts/main.php:68
[03-Sep-2026 05:17:13 Europe/Amsterdam] [ERROR] [2] http_response_code(): Cannot set response code - headers already sent (output started at /volume1/web/cloud/app/Views/layouts/main.php:58) in /volume1/web/cloud/public/index.php:24
[03-Sep-2026 05:17:13 Europe/Amsterdam] PHP Warning:  http_response_code(): Cannot set response code - headers already sent (output started at /volume1/web/cloud/app/Views/layouts/main.php:58) in /volume1/web/cloud/public/index.php on line 17
[03-Sep-2026 05:17:27 Europe/Amsterdam] [EXCEPTION] Call to undefined function t() in /volume1/web/cloud/app/Views/layouts/main.php:68
[03-Sep-2026 05:17:27 Europe/Amsterdam] [ERROR] [2] http_response_code(): Cannot set response code - headers already sent (output started at /volume1/web/cloud/app/Views/layouts/main.php:58) in /volume1/web/cloud/public/index.php:24
[03-Sep-2026 05:17:27 Europe/Amsterdam] PHP Warning:  http_response_code(): Cannot set response code - headers already sent (output started at /volume1/web/cloud/app/Views/layouts/main.php:58) in /volume1/web/cloud/public/index.php on line 17
[03-Sep-2026 05:17:38 Europe/Amsterdam] [EXCEPTION] Call to undefined function t() in /volume1/web/cloud/app/Views/layouts/main.php:68
[03-Sep-2026 05:17:38 Europe/Amsterdam] [ERROR] [2] http_response_code(): Cannot set response code - headers already sent (output started at /volume1/web/cloud/app/Views/layouts/main.php:58) in /volume1/web/cloud/public/index.php:24
[03-Sep-2026 05:17:38 Europe/Amsterdam] PHP Warning:  http_response_code(): Cannot set response code - headers already sent (output started at /volume1/web/cloud/app/Views/layouts/main.php:58) in /volume1/web/cloud/public/index.php on line 17
[03-Sep-2026 05:18:08 Europe/Amsterdam] [EXCEPTION] Call to undefined function t() in /volume1/web/cloud/app/Views/layouts/main.php:68
[03-Sep-2026 05:18:08 Europe/Amsterdam] [ERROR] [2] http_response_code(): Cannot set response code - headers already sent (output started at /volume1/web/cloud/app/Views/layouts/main.php:58) in /volume1/web/cloud/public/index.php:24
[03-Sep-2026 05:18:08 Europe/Amsterdam] PHP Warning:  http_response_code(): Cannot set response code - headers already sent (output started at /volume1/web/cloud/app/Views/layouts/main.php:58) in /volume1/web/cloud/public/index.php on line 17
[03-Sep-2026 05:30:45 Europe/Amsterdam] [EXCEPTION] syntax error, unexpected token ".", expecting end of file in /volume1/web/cloud/app/Views/layouts/main.php:8
[03-Sep-2026 05:30:48 Europe/Amsterdam] [EXCEPTION] syntax error, unexpected token ".", expecting end of file in /volume1/web/cloud/app/Views/layouts/main.php:8
[03-Sep-2026 05:31:29 Europe/Amsterdam] [EXCEPTION] syntax error, unexpected token ".", expecting end of file in /volume1/web/cloud/app/Views/layouts/main.php:8
[03-Sep-2026 05:32:20 Europe/Amsterdam] [EXCEPTION] syntax error, unexpected token ".", expecting end of file in /volume1/web/cloud/app/Views/layouts/main.php:8
[03-Sep-2026 05:33:43 Europe/Amsterdam] [EXCEPTION] syntax error, unexpected token ".", expecting end of file in /volume1/web/cloud/app/Views/layouts/main.php:8
[03-Sep-2026 05:34:57 Europe/Amsterdam] [EXCEPTION] json_decode(): Argument #1 ($json) must be of type string, null given in /volume1/web/cloud/app/Controllers/AdminController.php:570
[03-Sep-2026 05:40:38 Europe/Amsterdam] [ERROR] [2] mkdir(): Permission denied in /volume1/web/cloud/app/Controllers/FileController.php:16
[03-Sep-2026 06:00:36 Europe/Amsterdam] [EXCEPTION] syntax error, unexpected token "," in /volume1/web/cloud/app/Views/dashboard/index.php:86
[03-Sep-2026 06:00:54 Europe/Amsterdam] [EXCEPTION] syntax error, unexpected token "," in /volume1/web/cloud/app/Views/dashboard/index.php:86
[03-Sep-2026 06:00:55 Europe/Amsterdam] [EXCEPTION] syntax error, unexpected token "," in /volume1/web/cloud/app/Views/dashboard/index.php:86
[03-Sep-2026 06:00:56 Europe/Amsterdam] [EXCEPTION] syntax error, unexpected token "," in /volume1/web/cloud/app/Views/dashboard/index.php:86
[03-Sep-2026 06:01:05 Europe/Amsterdam] PHP Fatal error:  Unparenthesized `a ? b : c ? d : e` is not supported. Use either `(a ? b : c) ? d : e` or `a ? b : (c ? d : e)` in /volume1/web/cloud/app/Views/dashboard/index.php on line 127
[03-Sep-2026 06:01:08 Europe/Amsterdam] PHP Fatal error:  Unparenthesized `a ? b : c ? d : e` is not supported. Use either `(a ? b : c) ? d : e` or `a ? b : (c ? d : e)` in /volume1/web/cloud/app/Views/dashboard/index.php on line 127
[03-Sep-2026 06:01:09 Europe/Amsterdam] PHP Fatal error:  Unparenthesized `a ? b : c ? d : e` is not supported. Use either `(a ? b : c) ? d : e` or `a ? b : (c ? d : e)` in /volume1/web/cloud/app/Views/dashboard/index.php on line 127
[03-Sep-2026 06:01:21 Europe/Amsterdam] PHP Fatal error:  Unparenthesized `a ? b : c ? d : e` is not supported. Use either `(a ? b : c) ? d : e` or `a ? b : (c ? d : e)` in /volume1/web/cloud/app/Views/dashboard/index.php on line 127
[03-Sep-2026 06:01:22 Europe/Amsterdam] PHP Fatal error:  Unparenthesized `a ? b : c ? d : e` is not supported. Use either `(a ? b : c) ? d : e` or `a ? b : (c ? d : e)` in /volume1/web/cloud/app/Views/dashboard/index.php on line 127
[03-Sep-2026 06:01:23 Europe/Amsterdam] PHP Fatal error:  Unparenthesized `a ? b : c ? d : e` is not supported. Use either `(a ? b : c) ? d : e` or `a ? b : (c ? d : e)` in /volume1/web/cloud/app/Views/dashboard/index.php on line 127
[03-Sep-2026 06:01:33 Europe/Amsterdam] PHP Fatal error:  Unparenthesized `a ? b : c ? d : e` is not supported. Use either `(a ? b : c) ? d : e` or `a ? b : (c ? d : e)` in /volume1/web/cloud/app/Views/dashboard/index.php on line 127
[03-Sep-2026 06:01:34 Europe/Amsterdam] PHP Fatal error:  Unparenthesized `a ? b : c ? d : e` is not supported. Use either `(a ? b : c) ? d : e` or `a ? b : (c ? d : e)` in /volume1/web/cloud/app/Views/dashboard/index.php on line 127
[03-Sep-2026 06:01:35 Europe/Amsterdam] PHP Fatal error:  Unparenthesized `a ? b : c ? d : e` is not supported. Use either `(a ? b : c) ? d : e` or `a ? b : (c ? d : e)` in /volume1/web/cloud/app/Views/dashboard/index.php on line 127
[03-Sep-2026 06:13:36 Europe/Amsterdam] [ERROR] [2] mkdir(): Permission denied in /volume1/web/cloud/app/Controllers/FileController.php:16
[03-Sep-2026 07:19:55 Europe/Amsterdam] [ERROR] [2] Undefined variable $currentPage in /volume1/web/cloud/app/Views/layouts/main.php:96
[03-Sep-2026 07:19:55 Europe/Amsterdam] PHP Warning:  http_response_code(): Cannot set response code - headers already sent (output started at /volume1/web/cloud/app/Views/layouts/main.php:1) in /volume1/web/cloud/public/index.php on line 17
[03-Sep-2026 12:41:36 Europe/Amsterdam] [ERROR] [2] Undefined variable $currentPage in /volume1/web/cloud/app/Views/layouts/main.php:96
[03-Sep-2026 12:41:36 Europe/Amsterdam] PHP Warning:  http_response_code(): Cannot set response code - headers already sent (output started at /volume1/web/cloud/app/Views/layouts/main.php:1) in /volume1/web/cloud/public/index.php on line 17
[03-Sep-2026 12:41:39 Europe/Amsterdam] [ERROR] [2] Undefined variable $currentPage in /volume1/web/cloud/app/Views/layouts/main.php:96
[03-Sep-2026 12:41:39 Europe/Amsterdam] PHP Warning:  http_response_code(): Cannot set response code - headers already sent (output started at /volume1/web/cloud/app/Views/layouts/main.php:1) in /volume1/web/cloud/public/index.php on line 17
[03-Sep-2026 12:48:40 Europe/Amsterdam] [ERROR] [2] Undefined variable $currentPage in /volume1/web/cloud/app/Views/layouts/main.php:96
[03-Sep-2026 12:48:40 Europe/Amsterdam] PHP Warning:  http_response_code(): Cannot set response code - headers already sent (output started at /volume1/web/cloud/app/Views/layouts/main.php:1) in /volume1/web/cloud/public/index.php on line 17
[03-Sep-2026 12:48:43 Europe/Amsterdam] [ERROR] [2] Undefined variable $currentPage in /volume1/web/cloud/app/Views/layouts/main.php:96
[03-Sep-2026 12:48:43 Europe/Amsterdam] PHP Warning:  http_response_code(): Cannot set response code - headers already sent (output started at /volume1/web/cloud/app/Views/layouts/main.php:1) in /volume1/web/cloud/public/index.php on line 17
[03-Sep-2026 12:48:43 Europe/Amsterdam] [ERROR] [2] Undefined variable $currentPage in /volume1/web/cloud/app/Views/layouts/main.php:96
[03-Sep-2026 12:48:43 Europe/Amsterdam] PHP Warning:  http_response_code(): Cannot set response code - headers already sent (output started at /volume1/web/cloud/app/Views/layouts/main.php:1) in /volume1/web/cloud/public/index.php on line 17
[03-Sep-2026 12:53:00 Europe/Amsterdam] [ERROR] [2] Undefined variable $currentPage in /volume1/web/cloud/app/Views/layouts/main.php:96
[03-Sep-2026 12:53:00 Europe/Amsterdam] PHP Warning:  http_response_code(): Cannot set response code - headers already sent (output started at /volume1/web/cloud/app/Views/layouts/main.php:1) in /volume1/web/cloud/public/index.php on line 17
[03-Sep-2026 12:53:01 Europe/Amsterdam] [ERROR] [2] Undefined variable $currentPage in /volume1/web/cloud/app/Views/layouts/main.php:96
[03-Sep-2026 12:53:01 Europe/Amsterdam] PHP Warning:  http_response_code(): Cannot set response code - headers already sent (output started at /volume1/web/cloud/app/Views/layouts/main.php:1) in /volume1/web/cloud/public/index.php on line 17
[03-Sep-2026 12:53:02 Europe/Amsterdam] [ERROR] [2] Undefined variable $currentPage in /volume1/web/cloud/app/Views/layouts/main.php:96
[03-Sep-2026 12:53:02 Europe/Amsterdam] PHP Warning:  http_response_code(): Cannot set response code - headers already sent (output started at /volume1/web/cloud/app/Views/layouts/main.php:1) in /volume1/web/cloud/public/index.php on line 17
[03-Sep-2026 12:53:11 Europe/Amsterdam] [ERROR] [2] Undefined variable $currentPage in /volume1/web/cloud/app/Views/layouts/main.php:96
[03-Sep-2026 12:53:11 Europe/Amsterdam] PHP Warning:  http_response_code(): Cannot set response code - headers already sent (output started at /volume1/web/cloud/app/Views/layouts/main.php:1) in /volume1/web/cloud/public/index.php on line 17
[03-Sep-2026 12:56:29 Europe/Amsterdam] [ERROR] [2] Undefined variable $currentPage in /volume1/web/cloud/app/Views/layouts/main.php:96
[03-Sep-2026 12:56:29 Europe/Amsterdam] PHP Warning:  http_response_code(): Cannot set response code - headers already sent (output started at /volume1/web/cloud/app/Views/layouts/main.php:1) in /volume1/web/cloud/public/index.php on line 17
[03-Sep-2026 12:56:30 Europe/Amsterdam] [ERROR] [2] Undefined variable $currentPage in /volume1/web/cloud/app/Views/layouts/main.php:96
[03-Sep-2026 12:56:30 Europe/Amsterdam] PHP Warning:  http_response_code(): Cannot set response code - headers already sent (output started at /volume1/web/cloud/app/Views/layouts/main.php:1) in /volume1/web/cloud/public/index.php on line 17
[03-Sep-2026 12:58:26 Europe/Amsterdam] [ERROR] [2] Undefined variable $currentPage in /volume1/web/cloud/app/Views/layouts/main.php:96
[03-Sep-2026 12:58:26 Europe/Amsterdam] PHP Warning:  http_response_code(): Cannot set response code - headers already sent (output started at /volume1/web/cloud/app/Views/layouts/main.php:1) in /volume1/web/cloud/public/index.php on line 17
[03-Sep-2026 12:58:27 Europe/Amsterdam] [ERROR] [2] Undefined variable $currentPage in /volume1/web/cloud/app/Views/layouts/main.php:96
[03-Sep-2026 12:58:27 Europe/Amsterdam] PHP Warning:  http_response_code(): Cannot set response code - headers already sent (output started at /volume1/web/cloud/app/Views/layouts/main.php:1) in /volume1/web/cloud/public/index.php on line 17
[03-Sep-2026 13:02:00 Europe/Amsterdam] [ERROR] [2] Undefined variable $currentPage in /volume1/web/cloud/app/Views/layouts/main.php:96
[03-Sep-2026 13:02:00 Europe/Amsterdam] PHP Warning:  http_response_code(): Cannot set response code - headers already sent (output started at /volume1/web/cloud/app/Views/layouts/main.php:1) in /volume1/web/cloud/public/index.php on line 17
[03-Sep-2026 13:02:01 Europe/Amsterdam] [ERROR] [2] Undefined variable $currentPage in /volume1/web/cloud/app/Views/layouts/main.php:96
[03-Sep-2026 13:02:01 Europe/Amsterdam] PHP Warning:  http_response_code(): Cannot set response code - headers already sent (output started at /volume1/web/cloud/app/Views/layouts/main.php:1) in /volume1/web/cloud/public/index.php on line 17
[03-Sep-2026 13:10:53 Europe/Amsterdam] [ERROR] [2] Undefined variable $currentPage in /volume1/web/cloud/app/Views/layouts/main.php:96
[03-Sep-2026 13:10:53 Europe/Amsterdam] PHP Warning:  http_response_code(): Cannot set response code - headers already sent (output started at /volume1/web/cloud/app/Views/layouts/main.php:1) in /volume1/web/cloud/public/index.php on line 17
[03-Sep-2026 13:10:55 Europe/Amsterdam] [ERROR] [2] Undefined variable $currentPage in /volume1/web/cloud/app/Views/layouts/main.php:96
[03-Sep-2026 13:10:55 Europe/Amsterdam] PHP Warning:  http_response_code(): Cannot set response code - headers already sent (output started at /volume1/web/cloud/app/Views/layouts/main.php:1) in /volume1/web/cloud/public/index.php on line 17
[03-Sep-2026 13:12:44 Europe/Amsterdam] [ERROR] [2] Undefined variable $currentPage in /volume1/web/cloud/app/Views/layouts/main.php:96
[03-Sep-2026 13:12:44 Europe/Amsterdam] PHP Warning:  http_response_code(): Cannot set response code - headers already sent (output started at /volume1/web/cloud/app/Views/layouts/main.php:1) in /volume1/web/cloud/public/index.php on line 17
[03-Sep-2026 13:12:45 Europe/Amsterdam] [ERROR] [2] Undefined variable $currentPage in /volume1/web/cloud/app/Views/layouts/main.php:96
[03-Sep-2026 13:12:45 Europe/Amsterdam] PHP Warning:  http_response_code(): Cannot set response code - headers already sent (output started at /volume1/web/cloud/app/Views/layouts/main.php:1) in /volume1/web/cloud/public/index.php on line 17
[03-Sep-2026 13:12:45 Europe/Amsterdam] [ERROR] [2] Undefined variable $currentPage in /volume1/web/cloud/app/Views/layouts/main.php:96
[03-Sep-2026 13:12:45 Europe/Amsterdam] PHP Warning:  http_response_code(): Cannot set response code - headers already sent (output started at /volume1/web/cloud/app/Views/layouts/main.php:1) in /volume1/web/cloud/public/index.php on line 17
[03-Sep-2026 13:12:45 Europe/Amsterdam] [ERROR] [2] Undefined variable $currentPage in /volume1/web/cloud/app/Views/layouts/main.php:96
[03-Sep-2026 13:12:45 Europe/Amsterdam] PHP Warning:  http_response_code(): Cannot set response code - headers already sent (output started at /volume1/web/cloud/app/Views/layouts/main.php:1) in /volume1/web/cloud/public/index.php on line 17
[03-Sep-2026 13:12:45 Europe/Amsterdam] [ERROR] [2] Undefined variable $currentPage in /volume1/web/cloud/app/Views/layouts/main.php:96
[03-Sep-2026 13:12:45 Europe/Amsterdam] PHP Warning:  http_response_code(): Cannot set response code - headers already sent (output started at /volume1/web/cloud/app/Views/layouts/main.php:1) in /volume1/web/cloud/public/index.php on line 17
[03-Sep-2026 13:15:48 Europe/Amsterdam] [ERROR] [2] Undefined variable $currentPage in /volume1/web/cloud/app/Views/layouts/main.php:96
[03-Sep-2026 13:15:48 Europe/Amsterdam] PHP Warning:  http_response_code(): Cannot set response code - headers already sent (output started at /volume1/web/cloud/app/Views/layouts/main.php:1) in /volume1/web/cloud/public/index.php on line 17
[03-Sep-2026 13:22:46 Europe/Amsterdam] [ERROR] [2] Undefined variable $currentPage in /volume1/web/cloud/app/Views/layouts/main.php:96
[03-Sep-2026 13:22:46 Europe/Amsterdam] PHP Warning:  http_response_code(): Cannot set response code - headers already sent (output started at /volume1/web/cloud/app/Views/layouts/main.php:1) in /volume1/web/cloud/public/index.php on line 17
[03-Sep-2026 13:22:47 Europe/Amsterdam] [ERROR] [2] Undefined variable $currentPage in /volume1/web/cloud/app/Views/layouts/main.php:96
[03-Sep-2026 13:22:47 Europe/Amsterdam] PHP Warning:  http_response_code(): Cannot set response code - headers already sent (output started at /volume1/web/cloud/app/Views/layouts/main.php:1) in /volume1/web/cloud/public/index.php on line 17
[03-Sep-2026 13:22:47 Europe/Amsterdam] [ERROR] [2] Undefined variable $currentPage in /volume1/web/cloud/app/Views/layouts/main.php:96
[03-Sep-2026 13:22:47 Europe/Amsterdam] PHP Warning:  http_response_code(): Cannot set response code - headers already sent (output started at /volume1/web/cloud/app/Views/layouts/main.php:1) in /volume1/web/cloud/public/index.php on line 17
[03-Sep-2026 13:22:47 Europe/Amsterdam] [ERROR] [2] Undefined variable $currentPage in /volume1/web/cloud/app/Views/layouts/main.php:96
[03-Sep-2026 13:22:47 Europe/Amsterdam] PHP Warning:  http_response_code(): Cannot set response code - headers already sent (output started at /volume1/web/cloud/app/Views/layouts/main.php:1) in /volume1/web/cloud/public/index.php on line 17
[03-Sep-2026 13:22:47 Europe/Amsterdam] [ERROR] [2] Undefined variable $currentPage in /volume1/web/cloud/app/Views/layouts/main.php:96
[03-Sep-2026 13:22:47 Europe/Amsterdam] PHP Warning:  http_response_code(): Cannot set response code - headers already sent (output started at /volume1/web/cloud/app/Views/layouts/main.php:1) in /volume1/web/cloud/public/index.php on line 17
[03-Sep-2026 16:11:07 Europe/Amsterdam] [ERROR] [2] mkdir(): Permission denied in /volume1/web/cloud/app/Controllers/FolderController.php:146
[04-Sep-2026 02:07:56 Europe/Amsterdam] [ERROR] [2] Undefined array key "billing_status" in /volume1/web/cloud/app/Views/admin/tenants.php:55
[04-Sep-2026 02:55:19 Europe/Amsterdam] [EXCEPTION] SQLSTATE[42S22]: Column not found: 1054 Unknown column 'name' in 'SET' in /volume1/web/cloud/core/Database.php:48
[04-Sep-2026 02:55:53 Europe/Amsterdam] [ERROR] [2] Undefined array key "uptime" in /volume1/web/cloud/app/Views/dashboard/index.php:85
[04-Sep-2026 02:55:55 Europe/Amsterdam] [ERROR] [2] Undefined array key "uptime" in /volume1/web/cloud/app/Views/dashboard/index.php:85
[04-Sep-2026 02:56:43 Europe/Amsterdam] [ERROR] [2] Undefined array key "uptime" in /volume1/web/cloud/app/Views/dashboard/index.php:85
[04-Sep-2026 02:56:45 Europe/Amsterdam] [ERROR] [2] Undefined array key "uptime" in /volume1/web/cloud/app/Views/dashboard/index.php:85
[04-Sep-2026 02:56:45 Europe/Amsterdam] [ERROR] [2] Undefined array key "uptime" in /volume1/web/cloud/app/Views/dashboard/index.php:85
[04-Sep-2026 02:56:45 Europe/Amsterdam] [ERROR] [2] Undefined array key "uptime" in /volume1/web/cloud/app/Views/dashboard/index.php:85
[04-Sep-2026 02:56:46 Europe/Amsterdam] [ERROR] [2] Undefined array key "uptime" in /volume1/web/cloud/app/Views/dashboard/index.php:85
[04-Sep-2026 02:56:46 Europe/Amsterdam] [ERROR] [2] Undefined array key "uptime" in /volume1/web/cloud/app/Views/dashboard/index.php:85
[04-Sep-2026 02:56:46 Europe/Amsterdam] [ERROR] [2] Undefined array key "uptime" in /volume1/web/cloud/app/Views/dashboard/index.php:85
[04-Sep-2026 02:56:46 Europe/Amsterdam] [ERROR] [2] Undefined array key "uptime" in /volume1/web/cloud/app/Views/dashboard/index.php:85
[04-Sep-2026 02:56:46 Europe/Amsterdam] [ERROR] [2] Undefined array key "uptime" in /volume1/web/cloud/app/Views/dashboard/index.php:85
[04-Sep-2026 02:56:46 Europe/Amsterdam] [ERROR] [2] Undefined array key "uptime" in /volume1/web/cloud/app/Views/dashboard/index.php:85
[04-Sep-2026 02:56:46 Europe/Amsterdam] [ERROR] [2] Undefined array key "uptime" in /volume1/web/cloud/app/Views/dashboard/index.php:85
[04-Sep-2026 02:56:46 Europe/Amsterdam] [ERROR] [2] Undefined array key "uptime" in /volume1/web/cloud/app/Views/dashboard/index.php:85
[04-Sep-2026 02:56:46 Europe/Amsterdam] [ERROR] [2] Undefined array key "uptime" in /volume1/web/cloud/app/Views/dashboard/index.php:85
[04-Sep-2026 02:56:47 Europe/Amsterdam] [ERROR] [2] Undefined array key "uptime" in /volume1/web/cloud/app/Views/dashboard/index.php:85
[04-Sep-2026 02:56:47 Europe/Amsterdam] [ERROR] [2] Undefined array key "uptime" in /volume1/web/cloud/app/Views/dashboard/index.php:85
[04-Sep-2026 02:56:47 Europe/Amsterdam] [ERROR] [2] Undefined array key "uptime" in /volume1/web/cloud/app/Views/dashboard/index.php:85
[04-Sep-2026 02:56:47 Europe/Amsterdam] [ERROR] [2] Undefined array key "uptime" in /volume1/web/cloud/app/Views/dashboard/index.php:85
[04-Sep-2026 02:56:47 Europe/Amsterdam] [ERROR] [2] Undefined array key "uptime" in /volume1/web/cloud/app/Views/dashboard/index.php:85
[04-Sep-2026 02:56:47 Europe/Amsterdam] [ERROR] [2] Undefined array key "uptime" in /volume1/web/cloud/app/Views/dashboard/index.php:85
[04-Sep-2026 02:56:47 Europe/Amsterdam] [ERROR] [2] Undefined array key "uptime" in /volume1/web/cloud/app/Views/dashboard/index.php:85
[04-Sep-2026 02:56:47 Europe/Amsterdam] [ERROR] [2] Undefined array key "uptime" in /volume1/web/cloud/app/Views/dashboard/index.php:85
[04-Sep-2026 02:56:47 Europe/Amsterdam] [ERROR] [2] Undefined array key "uptime" in /volume1/web/cloud/app/Views/dashboard/index.php:85
[04-Sep-2026 02:56:47 Europe/Amsterdam] [ERROR] [2] Undefined array key "uptime" in /volume1/web/cloud/app/Views/dashboard/index.php:85
[04-Sep-2026 02:56:47 Europe/Amsterdam] [ERROR] [2] Undefined array key "uptime" in /volume1/web/cloud/app/Views/dashboard/index.php:85
[04-Sep-2026 02:56:47 Europe/Amsterdam] [ERROR] [2] Undefined array key "uptime" in /volume1/web/cloud/app/Views/dashboard/index.php:85
[04-Sep-2026 02:56:48 Europe/Amsterdam] [ERROR] [2] Undefined array key "uptime" in /volume1/web/cloud/app/Views/dashboard/index.php:85
[04-Sep-2026 02:56:48 Europe/Amsterdam] [ERROR] [2] Undefined array key "uptime" in /volume1/web/cloud/app/Views/dashboard/index.php:85
[04-Sep-2026 02:56:48 Europe/Amsterdam] [ERROR] [2] Undefined array key "uptime" in /volume1/web/cloud/app/Views/dashboard/index.php:85
[04-Sep-2026 02:56:48 Europe/Amsterdam] [ERROR] [2] Undefined array key "uptime" in /volume1/web/cloud/app/Views/dashboard/index.php:85
[04-Sep-2026 02:56:48 Europe/Amsterdam] [ERROR] [2] Undefined array key "uptime" in /volume1/web/cloud/app/Views/dashboard/index.php:85
[04-Sep-2026 02:57:08 Europe/Amsterdam] [ERROR] [2] Undefined array key "uptime" in /volume1/web/cloud/app/Views/dashboard/index.php:85
[04-Sep-2026 02:57:46 Europe/Amsterdam] [ERROR] [2] Undefined array key "uptime" in /volume1/web/cloud/app/Views/dashboard/index.php:85
[04-Sep-2026 02:57:47 Europe/Amsterdam] [ERROR] [2] Undefined array key "uptime" in /volume1/web/cloud/app/Views/dashboard/index.php:85
[04-Sep-2026 02:57:48 Europe/Amsterdam] [ERROR] [2] Undefined array key "uptime" in /volume1/web/cloud/app/Views/dashboard/index.php:85
[04-Sep-2026 02:57:48 Europe/Amsterdam] [ERROR] [2] Undefined array key "uptime" in /volume1/web/cloud/app/Views/dashboard/index.php:85
[04-Sep-2026 02:57:48 Europe/Amsterdam] [ERROR] [2] Undefined array key "uptime" in /volume1/web/cloud/app/Views/dashboard/index.php:85
[04-Sep-2026 02:57:48 Europe/Amsterdam] [ERROR] [2] Undefined array key "uptime" in /volume1/web/cloud/app/Views/dashboard/index.php:85
[04-Sep-2026 02:57:49 Europe/Amsterdam] [ERROR] [2] Undefined array key "uptime" in /volume1/web/cloud/app/Views/dashboard/index.php:85
[04-Sep-2026 02:57:49 Europe/Amsterdam] [ERROR] [2] Undefined array key "uptime" in /volume1/web/cloud/app/Views/dashboard/index.php:85
[04-Sep-2026 02:57:49 Europe/Amsterdam] [ERROR] [2] Undefined array key "uptime" in /volume1/web/cloud/app/Views/dashboard/index.php:85
[04-Sep-2026 02:57:49 Europe/Amsterdam] [ERROR] [2] Undefined array key "uptime" in /volume1/web/cloud/app/Views/dashboard/index.php:85
[04-Sep-2026 02:59:03 Europe/Amsterdam] [EXCEPTION] SQLSTATE[42S22]: Column not found: 1054 Unknown column 'deleted_at' in 'WHERE' in /volume1/web/cloud/core/Database.php:48
[04-Sep-2026 02:59:04 Europe/Amsterdam] [EXCEPTION] SQLSTATE[42S22]: Column not found: 1054 Unknown column 'deleted_at' in 'WHERE' in /volume1/web/cloud/core/Database.php:48
[04-Sep-2026 02:59:44 Europe/Amsterdam] [EXCEPTION] SQLSTATE[42S22]: Column not found: 1054 Unknown column 'deleted_at' in 'WHERE' in /volume1/web/cloud/core/Database.php:48
[04-Sep-2026 02:59:46 Europe/Amsterdam] [EXCEPTION] SQLSTATE[42S22]: Column not found: 1054 Unknown column 'deleted_at' in 'WHERE' in /volume1/web/cloud/core/Database.php:48
[04-Sep-2026 02:59:46 Europe/Amsterdam] [EXCEPTION] SQLSTATE[42S22]: Column not found: 1054 Unknown column 'deleted_at' in 'WHERE' in /volume1/web/cloud/core/Database.php:48
[04-Sep-2026 02:59:47 Europe/Amsterdam] [EXCEPTION] SQLSTATE[42S22]: Column not found: 1054 Unknown column 'deleted_at' in 'WHERE' in /volume1/web/cloud/core/Database.php:48
[04-Sep-2026 02:59:47 Europe/Amsterdam] [EXCEPTION] SQLSTATE[42S22]: Column not found: 1054 Unknown column 'deleted_at' in 'WHERE' in /volume1/web/cloud/core/Database.php:48
[04-Sep-2026 02:59:47 Europe/Amsterdam] [EXCEPTION] SQLSTATE[42S22]: Column not found: 1054 Unknown column 'deleted_at' in 'WHERE' in /volume1/web/cloud/core/Database.php:48
[04-Sep-2026 02:59:47 Europe/Amsterdam] [EXCEPTION] SQLSTATE[42S22]: Column not found: 1054 Unknown column 'deleted_at' in 'WHERE' in /volume1/web/cloud/core/Database.php:48
[04-Sep-2026 02:59:48 Europe/Amsterdam] [EXCEPTION] SQLSTATE[42S22]: Column not found: 1054 Unknown column 'deleted_at' in 'WHERE' in /volume1/web/cloud/core/Database.php:48
[04-Sep-2026 03:00:28 Europe/Amsterdam] [EXCEPTION] SQLSTATE[42S22]: Column not found: 1054 Unknown column 'deleted_at' in 'WHERE' in /volume1/web/cloud/core/Database.php:48
[04-Sep-2026 03:00:29 Europe/Amsterdam] [EXCEPTION] SQLSTATE[42S22]: Column not found: 1054 Unknown column 'deleted_at' in 'WHERE' in /volume1/web/cloud/core/Database.php:48
[04-Sep-2026 03:00:29 Europe/Amsterdam] [EXCEPTION] SQLSTATE[42S22]: Column not found: 1054 Unknown column 'deleted_at' in 'WHERE' in /volume1/web/cloud/core/Database.php:48
[04-Sep-2026 03:00:29 Europe/Amsterdam] [EXCEPTION] SQLSTATE[42S22]: Column not found: 1054 Unknown column 'deleted_at' in 'WHERE' in /volume1/web/cloud/core/Database.php:48
[04-Sep-2026 03:01:04 Europe/Amsterdam] [EXCEPTION] SQLSTATE[42S22]: Column not found: 1054 Unknown column 'deleted_at' in 'WHERE' in /volume1/web/cloud/core/Database.php:48
[04-Sep-2026 03:01:05 Europe/Amsterdam] [EXCEPTION] SQLSTATE[42S22]: Column not found: 1054 Unknown column 'deleted_at' in 'WHERE' in /volume1/web/cloud/core/Database.php:48
[04-Sep-2026 03:07:44 Europe/Amsterdam] [EXCEPTION] SQLSTATE[42S22]: Column not found: 1054 Unknown column 'resource_type' in 'SELECT' in /volume1/web/cloud/core/Database.php:48
[04-Sep-2026 11:01:20 Europe/Amsterdam] [ERROR] [2] mkdir(): Permission denied in /volume1/web/cloud/app/Controllers/FileController.php:16
[04-Sep-2026 11:01:20 Europe/Amsterdam] PHP Warning:  mkdir(): Permission denied in /volume1/web/cloud/app/Controllers/FileController.php on line 16
[04-Sep-2026 11:01:20 Europe/Amsterdam] [ERROR] [2] file_put_contents(/volume1/web/cloud/storage/uploads/1/bd7aabee6e95b4b752f40f79cab00285.pdf): Failed to open stream: No such file or directory in /volume1/web/cloud/core/Encryption.php:93
[04-Sep-2026 11:01:20 Europe/Amsterdam] PHP Warning:  file_put_contents(/volume1/web/cloud/storage/uploads/1/bd7aabee6e95b4b752f40f79cab00285.pdf): Failed to open stream: No such file or directory in /volume1/web/cloud/core/Encryption.php on line 93
[04-Sep-2026 11:01:20 Europe/Amsterdam] [ERROR] [2] hash_file(/volume1/web/cloud/storage/uploads/1/bd7aabee6e95b4b752f40f79cab00285.pdf): Failed to open stream: No such file or directory in /volume1/web/cloud/core/Encryption.php:99
[04-Sep-2026 11:01:20 Europe/Amsterdam] PHP Warning:  hash_file(/volume1/web/cloud/storage/uploads/1/bd7aabee6e95b4b752f40f79cab00285.pdf): Failed to open stream: No such file or directory in /volume1/web/cloud/core/Encryption.php on line 99
[04-Sep-2026 11:01:20 Europe/Amsterdam] [ERROR] [2] hash_file(/volume1/web/cloud/storage/uploads/1/bd7aabee6e95b4b752f40f79cab00285.pdf): Failed to open stream: No such file or directory in /volume1/web/cloud/app/Controllers/FileController.php:103
[04-Sep-2026 11:01:20 Europe/Amsterdam] PHP Warning:  hash_file(/volume1/web/cloud/storage/uploads/1/bd7aabee6e95b4b752f40f79cab00285.pdf): Failed to open stream: No such file or directory in /volume1/web/cloud/app/Controllers/FileController.php on line 103
[04-Sep-2026 11:01:20 Europe/Amsterdam] [EXCEPTION] SQLSTATE[42S22]: Column not found: 1054 Unknown column 'resource_type' in 'INSERT INTO' in /volume1/web/cloud/core/Database.php:48
[04-Sep-2026 11:01:50 Europe/Amsterdam] [ERROR] [2] mkdir(): Permission denied in /volume1/web/cloud/app/Controllers/FileController.php:16
[04-Sep-2026 11:01:50 Europe/Amsterdam] PHP Warning:  mkdir(): Permission denied in /volume1/web/cloud/app/Controllers/FileController.php on line 16
[04-Sep-2026 11:12:50 Europe/Amsterdam] PHP Fatal error:  Declaration of Saec\Controllers\FileController::view(string $id): void must be compatible with Saec\Controllers\Controller::view(string $view, array $data = []): void in /volume1/web/cloud/app/Controllers/FileController.php on line 364
[04-Sep-2026 11:15:48 Europe/Amsterdam] PHP Fatal error:  Declaration of Saec\Controllers\FileController::view(string $id): void must be compatible with Saec\Controllers\Controller::view(string $view, array $data = []): void in /volume1/web/cloud/app/Controllers/FileController.php on line 364
[04-Sep-2026 14:45:04 Europe/Amsterdam] [ERROR] [2] mkdir(): Permission denied in /volume1/web/cloud/app/Controllers/FileController.php:16
[04-Sep-2026 14:45:04 Europe/Amsterdam] PHP Warning:  mkdir(): Permission denied in /volume1/web/cloud/app/Controllers/FileController.php on line 16
[04-Sep-2026 14:48:28 Europe/Amsterdam] [EXCEPTION] SQLSTATE[42S22]: Column not found: 1054 Unknown column 'resource_type' in 'INSERT INTO' in /volume1/web/cloud/core/Database.php:48
[04-Sep-2026 15:47:34 Europe/Amsterdam] [EXCEPTION] syntax error, unexpected single-quoted string ",", expecting "]" in /volume1/web/cloud/app/Controllers/AdminController.php:437
[04-Sep-2026 15:47:54 Europe/Amsterdam] [EXCEPTION] syntax error, unexpected single-quoted string ",", expecting "]" in /volume1/web/cloud/app/Controllers/AdminController.php:437
[04-Sep-2026 15:48:09 Europe/Amsterdam] [EXCEPTION] syntax error, unexpected single-quoted string ",", expecting "]" in /volume1/web/cloud/app/Controllers/AdminController.php:437
[04-Sep-2026 15:48:27 Europe/Amsterdam] [ERROR] [2] mkdir(): Permission denied in /volume1/web/cloud/app/Controllers/FileController.php:16
[04-Sep-2026 15:48:27 Europe/Amsterdam] PHP Warning:  mkdir(): Permission denied in /volume1/web/cloud/app/Controllers/FileController.php on line 16
[04-Sep-2026 16:01:33 Europe/Amsterdam] [ERROR] [2] mkdir(): Permission denied in /volume1/web/cloud/app/Controllers/FileController.php:16
[04-Sep-2026 16:01:33 Europe/Amsterdam] PHP Warning:  mkdir(): Permission denied in /volume1/web/cloud/app/Controllers/FileController.php on line 16
[04-Sep-2026 16:04:40 Europe/Amsterdam] [EXCEPTION] SQLSTATE[42S22]: Column not found: 1054 Unknown column 's.created_by' in 'WHERE' in /volume1/web/cloud/core/Database.php:48
[04-Sep-2026 16:04:46 Europe/Amsterdam] [EXCEPTION] SQLSTATE[42S22]: Column not found: 1054 Unknown column 's.created_by' in 'WHERE' in /volume1/web/cloud/core/Database.php:48
[04-Sep-2026 16:11:55 Europe/Amsterdam] [ERROR] [2] mkdir(): Permission denied in /volume1/web/cloud/app/Controllers/FileController.php:16
[04-Sep-2026 16:11:55 Europe/Amsterdam] PHP Warning:  mkdir(): Permission denied in /volume1/web/cloud/app/Controllers/FileController.php on line 16
[04-Sep-2026 16:11:55 Europe/Amsterdam] [ERROR] [2] file_put_contents(/volume1/web/cloud/storage/uploads/1/fde64faa11ab40ce73ac5ef0ebe28a19.pdf): Failed to open stream: No such file or directory in /volume1/web/cloud/core/Encryption.php:98
[04-Sep-2026 16:11:55 Europe/Amsterdam] PHP Warning:  file_put_contents(/volume1/web/cloud/storage/uploads/1/fde64faa11ab40ce73ac5ef0ebe28a19.pdf): Failed to open stream: No such file or directory in /volume1/web/cloud/core/Encryption.php on line 98
[04-Sep-2026 16:11:55 Europe/Amsterdam] [ERROR] [2] hash_file(/volume1/web/cloud/storage/uploads/1/fde64faa11ab40ce73ac5ef0ebe28a19.pdf): Failed to open stream: No such file or directory in /volume1/web/cloud/core/Encryption.php:104
[04-Sep-2026 16:11:55 Europe/Amsterdam] PHP Warning:  hash_file(/volume1/web/cloud/storage/uploads/1/fde64faa11ab40ce73ac5ef0ebe28a19.pdf): Failed to open stream: No such file or directory in /volume1/web/cloud/core/Encryption.php on line 104
[04-Sep-2026 16:11:55 Europe/Amsterdam] [ERROR] [2] hash_file(/volume1/web/cloud/storage/uploads/1/fde64faa11ab40ce73ac5ef0ebe28a19.pdf): Failed to open stream: No such file or directory in /volume1/web/cloud/app/Controllers/FileController.php:104
[04-Sep-2026 16:11:55 Europe/Amsterdam] PHP Warning:  hash_file(/volume1/web/cloud/storage/uploads/1/fde64faa11ab40ce73ac5ef0ebe28a19.pdf): Failed to open stream: No such file or directory in /volume1/web/cloud/app/Controllers/FileController.php on line 104
[04-Sep-2026 16:17:36 Europe/Amsterdam] [ERROR] [2] mkdir(): Permission denied in /volume1/web/cloud/app/Controllers/FileController.php:16
[04-Sep-2026 16:17:36 Europe/Amsterdam] PHP Warning:  mkdir(): Permission denied in /volume1/web/cloud/app/Controllers/FileController.php on line 16
[04-Sep-2026 16:17:36 Europe/Amsterdam] [ERROR] [2] file_put_contents(/volume1/web/cloud/storage/uploads/1/540af1f8215390697d911829db4a9c2a.pdf): Failed to open stream: No such file or directory in /volume1/web/cloud/core/Encryption.php:98
[04-Sep-2026 16:17:36 Europe/Amsterdam] PHP Warning:  file_put_contents(/volume1/web/cloud/storage/uploads/1/540af1f8215390697d911829db4a9c2a.pdf): Failed to open stream: No such file or directory in /volume1/web/cloud/core/Encryption.php on line 98
[04-Sep-2026 16:17:36 Europe/Amsterdam] [ERROR] [2] hash_file(/volume1/web/cloud/storage/uploads/1/540af1f8215390697d911829db4a9c2a.pdf): Failed to open stream: No such file or directory in /volume1/web/cloud/core/Encryption.php:104
[04-Sep-2026 16:17:36 Europe/Amsterdam] PHP Warning:  hash_file(/volume1/web/cloud/storage/uploads/1/540af1f8215390697d911829db4a9c2a.pdf): Failed to open stream: No such file or directory in /volume1/web/cloud/core/Encryption.php on line 104
[04-Sep-2026 16:17:36 Europe/Amsterdam] [ERROR] [2] hash_file(/volume1/web/cloud/storage/uploads/1/540af1f8215390697d911829db4a9c2a.pdf): Failed to open stream: No such file or directory in /volume1/web/cloud/app/Controllers/FileController.php:104
[04-Sep-2026 16:17:36 Europe/Amsterdam] PHP Warning:  hash_file(/volume1/web/cloud/storage/uploads/1/540af1f8215390697d911829db4a9c2a.pdf): Failed to open stream: No such file or directory in /volume1/web/cloud/app/Controllers/FileController.php on line 104
[04-Sep-2026 16:17:50 Europe/Amsterdam] [ERROR] [2] mkdir(): Permission denied in /volume1/web/cloud/app/Controllers/FileController.php:16
[04-Sep-2026 16:17:50 Europe/Amsterdam] PHP Warning:  mkdir(): Permission denied in /volume1/web/cloud/app/Controllers/FileController.php on line 16
[04-Sep-2026 16:17:50 Europe/Amsterdam] [ERROR] [2] file_put_contents(/volume1/web/cloud/storage/uploads/1/83b4c4ec2d9e075e456ce0096e3af513.pdf): Failed to open stream: No such file or directory in /volume1/web/cloud/core/Encryption.php:98
[04-Sep-2026 16:17:50 Europe/Amsterdam] PHP Warning:  file_put_contents(/volume1/web/cloud/storage/uploads/1/83b4c4ec2d9e075e456ce0096e3af513.pdf): Failed to open stream: No such file or directory in /volume1/web/cloud/core/Encryption.php on line 98
[04-Sep-2026 16:17:50 Europe/Amsterdam] [ERROR] [2] hash_file(/volume1/web/cloud/storage/uploads/1/83b4c4ec2d9e075e456ce0096e3af513.pdf): Failed to open stream: No such file or directory in /volume1/web/cloud/core/Encryption.php:104
[04-Sep-2026 16:17:50 Europe/Amsterdam] PHP Warning:  hash_file(/volume1/web/cloud/storage/uploads/1/83b4c4ec2d9e075e456ce0096e3af513.pdf): Failed to open stream: No such file or directory in /volume1/web/cloud/core/Encryption.php on line 104
[04-Sep-2026 16:17:50 Europe/Amsterdam] [ERROR] [2] hash_file(/volume1/web/cloud/storage/uploads/1/83b4c4ec2d9e075e456ce0096e3af513.pdf): Failed to open stream: No such file or directory in /volume1/web/cloud/app/Controllers/FileController.php:104
[04-Sep-2026 16:17:50 Europe/Amsterdam] PHP Warning:  hash_file(/volume1/web/cloud/storage/uploads/1/83b4c4ec2d9e075e456ce0096e3af513.pdf): Failed to open stream: No such file or directory in /volume1/web/cloud/app/Controllers/FileController.php on line 104
[04-Sep-2026 16:41:58 Europe/Amsterdam] [ERROR] [2] mkdir(): Permission denied in /volume1/web/cloud/app/Controllers/FileController.php:16
[04-Sep-2026 16:41:58 Europe/Amsterdam] [ERROR] [2] file_put_contents(/volume1/web/cloud/storage/uploads/1/8bcf64c17c8488076f0515d743a63281.pdf): Failed to open stream: No such file or directory in /volume1/web/cloud/core/Encryption.php:98
[04-Sep-2026 16:41:58 Europe/Amsterdam] PHP Warning:  file_put_contents(/volume1/web/cloud/storage/uploads/1/8bcf64c17c8488076f0515d743a63281.pdf): Failed to open stream: No such file or directory in /volume1/web/cloud/core/Encryption.php on line 98
[04-Sep-2026 16:41:58 Europe/Amsterdam] [ERROR] [2] hash_file(/volume1/web/cloud/storage/uploads/1/8bcf64c17c8488076f0515d743a63281.pdf): Failed to open stream: No such file or directory in /volume1/web/cloud/core/Encryption.php:104
[04-Sep-2026 16:41:58 Europe/Amsterdam] PHP Warning:  hash_file(/volume1/web/cloud/storage/uploads/1/8bcf64c17c8488076f0515d743a63281.pdf): Failed to open stream: No such file or directory in /volume1/web/cloud/core/Encryption.php on line 104
[04-Sep-2026 16:41:58 Europe/Amsterdam] [ERROR] [2] hash_file(/volume1/web/cloud/storage/uploads/1/8bcf64c17c8488076f0515d743a63281.pdf): Failed to open stream: No such file or directory in /volume1/web/cloud/app/Controllers/FileController.php:104
[04-Sep-2026 16:41:58 Europe/Amsterdam] PHP Warning:  hash_file(/volume1/web/cloud/storage/uploads/1/8bcf64c17c8488076f0515d743a63281.pdf): Failed to open stream: No such file or directory in /volume1/web/cloud/app/Controllers/FileController.php on line 104
[04-Sep-2026 16:42:44 Europe/Amsterdam] [ERROR] [2] mkdir(): Permission denied in /volume1/web/cloud/app/Controllers/FileController.php:16
[04-Sep-2026 16:42:44 Europe/Amsterdam] [ERROR] [2] file_put_contents(/volume1/web/cloud/storage/uploads/1/c6c75cca56951eebb8080a86ffdefe65.pdf): Failed to open stream: No such file or directory in /volume1/web/cloud/core/Encryption.php:98
[04-Sep-2026 16:42:44 Europe/Amsterdam] PHP Warning:  file_put_contents(/volume1/web/cloud/storage/uploads/1/c6c75cca56951eebb8080a86ffdefe65.pdf): Failed to open stream: No such file or directory in /volume1/web/cloud/core/Encryption.php on line 98
[04-Sep-2026 16:42:44 Europe/Amsterdam] [ERROR] [2] hash_file(/volume1/web/cloud/storage/uploads/1/c6c75cca56951eebb8080a86ffdefe65.pdf): Failed to open stream: No such file or directory in /volume1/web/cloud/core/Encryption.php:104
[04-Sep-2026 16:42:44 Europe/Amsterdam] PHP Warning:  hash_file(/volume1/web/cloud/storage/uploads/1/c6c75cca56951eebb8080a86ffdefe65.pdf): Failed to open stream: No such file or directory in /volume1/web/cloud/core/Encryption.php on line 104
[04-Sep-2026 16:42:44 Europe/Amsterdam] [ERROR] [2] hash_file(/volume1/web/cloud/storage/uploads/1/c6c75cca56951eebb8080a86ffdefe65.pdf): Failed to open stream: No such file or directory in /volume1/web/cloud/app/Controllers/FileController.php:104
[04-Sep-2026 16:42:44 Europe/Amsterdam] PHP Warning:  hash_file(/volume1/web/cloud/storage/uploads/1/c6c75cca56951eebb8080a86ffdefe65.pdf): Failed to open stream: No such file or directory in /volume1/web/cloud/app/Controllers/FileController.php on line 104
[04-Sep-2026 16:57:04 Europe/Amsterdam] [EXCEPTION] Class "Saec\Services\StorageService" not found in /volume1/web/cloud/app/Controllers/AdminStorageController.php:25
[04-Sep-2026 16:58:51 Europe/Amsterdam] [EXCEPTION] Class "Saec\Services\StorageService" not found in /volume1/web/cloud/app/Controllers/AdminStorageController.php:25
[04-Sep-2026 16:59:06 Europe/Amsterdam] [EXCEPTION] Class "Saec\Services\StorageService" not found in /volume1/web/cloud/app/Controllers/AdminStorageController.php:25
[04-Sep-2026 16:59:14 Europe/Amsterdam] [EXCEPTION] Class "Saec\Services\StorageService" not found in /volume1/web/cloud/app/Controllers/AdminStorageController.php:25
[04-Sep-2026 17:01:53 Europe/Amsterdam] [EXCEPTION] Class "Saec\Services\StorageService" not found in /volume1/web/cloud/app/Controllers/AdminStorageController.php:25
[04-Sep-2026 17:01:54 Europe/Amsterdam] [EXCEPTION] Class "Saec\Services\StorageService" not found in /volume1/web/cloud/app/Controllers/AdminStorageController.php:25
[04-Sep-2026 17:01:58 Europe/Amsterdam] [EXCEPTION] Class "Saec\Services\StorageService" not found in /volume1/web/cloud/app/Controllers/AdminStorageController.php:25
[04-Sep-2026 17:01:59 Europe/Amsterdam] [EXCEPTION] Class "Saec\Services\StorageService" not found in /volume1/web/cloud/app/Controllers/AdminStorageController.php:25
[04-Sep-2026 17:02:00 Europe/Amsterdam] [EXCEPTION] Class "Saec\Services\StorageService" not found in /volume1/web/cloud/app/Controllers/AdminStorageController.php:25
[04-Sep-2026 17:03:12 Europe/Amsterdam] [EXCEPTION] Class "Saec\Services\StorageService" not found in /volume1/web/cloud/app/Controllers/AdminStorageController.php:25
[04-Sep-2026 17:05:06 Europe/Amsterdam] [EXCEPTION] Class "Saec\Services\StorageService" not found in /volume1/web/cloud/app/Controllers/AdminStorageController.php:25
[04-Sep-2026 17:06:08 Europe/Amsterdam] [EXCEPTION] Class "Saec\Services\StorageService" not found in /volume1/web/cloud/app/Controllers/AdminStorageController.php:25
[04-Sep-2026 17:06:09 Europe/Amsterdam] [EXCEPTION] Class "Saec\Services\StorageService" not found in /volume1/web/cloud/app/Controllers/AdminStorageController.php:25
[04-Sep-2026 17:06:39 Europe/Amsterdam] [EXCEPTION] Class "Saec\Services\StorageService" not found in /volume1/web/cloud/app/Controllers/AdminStorageController.php:25
[04-Sep-2026 17:07:04 Europe/Amsterdam] [EXCEPTION] Class "Saec\Services\StorageService" not found in /volume1/web/cloud/app/Controllers/AdminStorageController.php:25
[04-Sep-2026 17:07:08 Europe/Amsterdam] [EXCEPTION] Class "Saec\Services\StorageService" not found in /volume1/web/cloud/app/Controllers/AdminStorageController.php:25
[04-Sep-2026 17:07:09 Europe/Amsterdam] [EXCEPTION] Class "Saec\Services\StorageService" not found in /volume1/web/cloud/app/Controllers/AdminStorageController.php:25
[04-Sep-2026 17:07:11 Europe/Amsterdam] [EXCEPTION] Class "Saec\Services\StorageService" not found in /volume1/web/cloud/app/Controllers/AdminStorageController.php:25
[04-Sep-2026 17:07:48 Europe/Amsterdam] [EXCEPTION] Class "Saec\Services\StorageService" not found in /volume1/web/cloud/app/Controllers/AdminStorageController.php:25
[04-Sep-2026 17:07:48 Europe/Amsterdam] [EXCEPTION] Class "Saec\Services\StorageService" not found in /volume1/web/cloud/app/Controllers/AdminStorageController.php:25
[04-Sep-2026 17:07:49 Europe/Amsterdam] [EXCEPTION] Class "Saec\Services\StorageService" not found in /volume1/web/cloud/app/Controllers/AdminStorageController.php:25
[04-Sep-2026 17:07:49 Europe/Amsterdam] [EXCEPTION] Class "Saec\Services\StorageService" not found in /volume1/web/cloud/app/Controllers/AdminStorageController.php:25
[04-Sep-2026 17:07:49 Europe/Amsterdam] [EXCEPTION] Class "Saec\Services\StorageService" not found in /volume1/web/cloud/app/Controllers/AdminStorageController.php:25
[04-Sep-2026 17:07:50 Europe/Amsterdam] [EXCEPTION] Class "Saec\Services\StorageService" not found in /volume1/web/cloud/app/Controllers/AdminStorageController.php:25
[04-Sep-2026 17:07:50 Europe/Amsterdam] [EXCEPTION] Class "Saec\Services\StorageService" not found in /volume1/web/cloud/app/Controllers/AdminStorageController.php:25
[04-Sep-2026 17:07:57 Europe/Amsterdam] [EXCEPTION] Class "Saec\Services\StorageService" not found in /volume1/web/cloud/app/Controllers/AdminStorageController.php:25
[04-Sep-2026 17:08:19 Europe/Amsterdam] [EXCEPTION] Class "Saec\Services\StorageService" not found in /volume1/web/cloud/app/Controllers/AdminStorageController.php:25
[04-Sep-2026 17:11:09 Europe/Amsterdam] [EXCEPTION] Class "Saec\Services\StorageService" not found in /volume1/web/cloud/app/Controllers/AdminStorageController.php:25
[04-Sep-2026 17:11:10 Europe/Amsterdam] [EXCEPTION] Class "Saec\Services\StorageService" not found in /volume1/web/cloud/app/Controllers/AdminStorageController.php:25
[04-Sep-2026 17:12:29 Europe/Amsterdam] [EXCEPTION] SQLSTATE[42S22]: Column not found: 1054 Unknown column 'name' in 'SET' in /volume1/web/cloud/core/Database.php:48
[05-Sep-2026 18:52:23 Europe/Amsterdam] [EXCEPTION] Class "Saec\Services\StorageService" not found in /volume1/web/cloud/app/Controllers/AdminStorageController.php:25
[05-Sep-2026 18:53:23 Europe/Amsterdam] [ERROR] [2] mkdir(): Permission denied in /volume1/web/cloud/app/Services/BackupService.php:29
[05-Sep-2026 18:53:23 Europe/Amsterdam] PHP Warning:  mkdir(): Permission denied in /volume1/web/cloud/app/Services/BackupService.php on line 29
[05-Sep-2026 18:53:23 Europe/Amsterdam] [EXCEPTION] SQLSTATE[42S02]: Base table or view not found: 1146 Table 'saec_cloud.storage_providers' doesn't exist in /volume1/web/cloud/core/Database.php:48
[05-Sep-2026 18:55:15 Europe/Amsterdam] [ERROR] [2] mkdir(): Permission denied in /volume1/web/cloud/app/Services/BackupService.php:29
[05-Sep-2026 18:55:15 Europe/Amsterdam] PHP Warning:  mkdir(): Permission denied in /volume1/web/cloud/app/Services/BackupService.php on line 29
[05-Sep-2026 18:55:15 Europe/Amsterdam] [EXCEPTION] SQLSTATE[42S02]: Base table or view not found: 1146 Table 'saec_cloud.storage_providers' doesn't exist in /volume1/web/cloud/core/Database.php:48
[05-Sep-2026 18:57:48 Europe/Amsterdam] [EXCEPTION] SQLSTATE[42S22]: Column not found: 1054 Unknown column 'deleted_at' in 'WHERE' in /volume1/web/cloud/core/Database.php:48
[05-Sep-2026 18:59:10 Europe/Amsterdam] [EXCEPTION] SQLSTATE[42S22]: Column not found: 1054 Unknown column 'deleted_at' in 'WHERE' in /volume1/web/cloud/core/Database.php:48
[05-Sep-2026 19:00:30 Europe/Amsterdam] [EXCEPTION] SQLSTATE[42S22]: Column not found: 1054 Unknown column 'deleted_at' in 'WHERE' in /volume1/web/cloud/core/Database.php:48
[05-Sep-2026 19:02:36 Europe/Amsterdam] [EXCEPTION] SQLSTATE[42S22]: Column not found: 1054 Unknown column 'deleted_at' in 'WHERE' in /volume1/web/cloud/core/Database.php:48
[05-Sep-2026 19:02:38 Europe/Amsterdam] [EXCEPTION] SQLSTATE[42S22]: Column not found: 1054 Unknown column 'deleted_at' in 'WHERE' in /volume1/web/cloud/core/Database.php:48
[05-Sep-2026 19:02:38 Europe/Amsterdam] [EXCEPTION] SQLSTATE[42S22]: Column not found: 1054 Unknown column 'deleted_at' in 'WHERE' in /volume1/web/cloud/core/Database.php:48
[05-Sep-2026 19:02:40 Europe/Amsterdam] [EXCEPTION] SQLSTATE[42S22]: Column not found: 1054 Unknown column 'deleted_at' in 'WHERE' in /volume1/web/cloud/core/Database.php:48
[05-Sep-2026 19:02:50 Europe/Amsterdam] [EXCEPTION] SQLSTATE[42S22]: Column not found: 1054 Unknown column 'deleted_at' in 'WHERE' in /volume1/web/cloud/core/Database.php:48
[05-Sep-2026 19:59:42 Europe/Amsterdam] [EXCEPTION] Typed property Saec\Controllers\Controller::$response must not be accessed before initialization in /volume1/web/cloud/app/Controllers/Controller.php:68
[05-Sep-2026 20:05:24 Europe/Amsterdam] [StorageService] Audit log failed: SQLSTATE[42S22]: Column not found: 1054 Unknown column 'metadata' in 'INSERT INTO'
[05-Sep-2026 20:27:17 Europe/Amsterdam] [EXCEPTION] syntax error, unexpected token "??", expecting "->" or "?->" or "[" in /volume1/web/cloud/app/Controllers/AdminStorageController.php:85
[05-Sep-2026 20:38:54 Europe/Amsterdam] [StorageService] Audit log failed: SQLSTATE[42S22]: Column not found: 1054 Unknown column 'metadata' in 'INSERT INTO'
[05-Sep-2026 20:39:22 Europe/Amsterdam] [CREATE PROVIDER] type=dropbox name=op config={"app_key":"osxxwntzqi7o0d4","app_secret":"n0r58n5bmct1ra2","root_dir":"\/"}
[05-Sep-2026 20:39:22 Europe/Amsterdam] [StorageService] Audit log failed: SQLSTATE[42S22]: Column not found: 1054 Unknown column 'metadata' in 'INSERT INTO'
[05-Sep-2026 21:06:11 Europe/Amsterdam] [SESSION] Start: status=2 id=61b03b5a54f6b0cb314b307dd72ab705 secure=1 keys=_last_regenerate,lang,_csrf_token cookie=61b03b5a54f6b0cb314b307dd72ab705
[05-Sep-2026 21:06:12 Europe/Amsterdam] [SESSION] Start: status=2 id=7dbb345d5d598c959e468f96e7fd151c secure=1 keys=_last_regenerate,lang,_csrf_token,user,user_id,tenant_id,role,login_at,login_ip,_fingerprint,jwt,session_token_hash cookie=7dbb345d5d598c959e468f96e7fd151c
[05-Sep-2026 21:06:14 Europe/Amsterdam] [SESSION] Start: status=2 id=7dbb345d5d598c959e468f96e7fd151c secure=1 keys=_last_regenerate,lang,_csrf_token,user,user_id,tenant_id,role,login_at,login_ip,_fingerprint,jwt,session_token_hash cookie=7dbb345d5d598c959e468f96e7fd151c
[05-Sep-2026 21:06:17 Europe/Amsterdam] [SESSION] Start: status=2 id=7dbb345d5d598c959e468f96e7fd151c secure=1 keys=_last_regenerate,lang,_csrf_token,user,user_id,tenant_id,role,login_at,login_ip,_fingerprint,jwt,session_token_hash cookie=7dbb345d5d598c959e468f96e7fd151c
[05-Sep-2026 21:06:24 Europe/Amsterdam] [SESSION] Start: status=2 id=7dbb345d5d598c959e468f96e7fd151c secure=1 keys=_last_regenerate,lang,_csrf_token,user,user_id,tenant_id,role,login_at,login_ip,_fingerprint,jwt,session_token_hash cookie=7dbb345d5d598c959e468f96e7fd151c
[05-Sep-2026 21:06:52 Europe/Amsterdam] [SESSION] Start: status=2 id=7dbb345d5d598c959e468f96e7fd151c secure=1 keys=_last_regenerate,lang,_csrf_token,user,user_id,tenant_id,role,login_at,login_ip,_fingerprint,jwt,session_token_hash cookie=7dbb345d5d598c959e468f96e7fd151c
[05-Sep-2026 21:07:09 Europe/Amsterdam] [SESSION] Start: status=2 id=7dbb345d5d598c959e468f96e7fd151c secure=1 keys=_last_regenerate,lang,_csrf_token,user,user_id,tenant_id,role,login_at,login_ip,_fingerprint,jwt,session_token_hash cookie=7dbb345d5d598c959e468f96e7fd151c
[05-Sep-2026 21:07:16 Europe/Amsterdam] [SESSION] Start: status=2 id=7dbb345d5d598c959e468f96e7fd151c secure=1 keys=_last_regenerate,lang,_csrf_token,user,user_id,tenant_id,role,login_at,login_ip,_fingerprint,jwt,session_token_hash cookie=7dbb345d5d598c959e468f96e7fd151c
[05-Sep-2026 21:07:22 Europe/Amsterdam] [SESSION] Start: status=2 id=7dbb345d5d598c959e468f96e7fd151c secure=1 keys=_last_regenerate,lang,_csrf_token,user,user_id,tenant_id,role,login_at,login_ip,_fingerprint,jwt,session_token_hash cookie=7dbb345d5d598c959e468f96e7fd151c
[05-Sep-2026 21:07:28 Europe/Amsterdam] [SESSION] Start: status=2 id=7dbb345d5d598c959e468f96e7fd151c secure=1 keys=_last_regenerate,lang,_csrf_token,user,user_id,tenant_id,role,login_at,login_ip,_fingerprint,jwt,session_token_hash cookie=7dbb345d5d598c959e468f96e7fd151c
[05-Sep-2026 21:08:30 Europe/Amsterdam] [SESSION] Start: status=2 id=7dbb345d5d598c959e468f96e7fd151c secure=1 keys=_last_regenerate,lang,_csrf_token,user,user_id,tenant_id,role,login_at,login_ip,_fingerprint,jwt,session_token_hash cookie=7dbb345d5d598c959e468f96e7fd151c
[05-Sep-2026 21:08:38 Europe/Amsterdam] [SESSION] Start: status=2 id=7dbb345d5d598c959e468f96e7fd151c secure=1 keys=_last_regenerate,lang,_csrf_token,user,user_id,tenant_id,role,login_at,login_ip,_fingerprint,jwt,session_token_hash cookie=7dbb345d5d598c959e468f96e7fd151c
[05-Sep-2026 21:08:40 Europe/Amsterdam] [SESSION] Start: status=2 id=7dbb345d5d598c959e468f96e7fd151c secure=1 keys=_last_regenerate,lang,_csrf_token,user,user_id,tenant_id,role,login_at,login_ip,_fingerprint,jwt,session_token_hash cookie=7dbb345d5d598c959e468f96e7fd151c
[05-Sep-2026 21:08:44 Europe/Amsterdam] [SESSION] Start: status=2 id=7dbb345d5d598c959e468f96e7fd151c secure=1 keys=_last_regenerate,lang,_csrf_token,user,user_id,tenant_id,role,login_at,login_ip,_fingerprint,jwt,session_token_hash cookie=7dbb345d5d598c959e468f96e7fd151c
[05-Sep-2026 21:08:46 Europe/Amsterdam] [SESSION] Start: status=2 id=7dbb345d5d598c959e468f96e7fd151c secure=1 keys=_last_regenerate,lang,_csrf_token,user,user_id,tenant_id,role,login_at,login_ip,_fingerprint,jwt,session_token_hash cookie=7dbb345d5d598c959e468f96e7fd151c
[05-Sep-2026 21:08:48 Europe/Amsterdam] [SESSION] Start: status=2 id=7dbb345d5d598c959e468f96e7fd151c secure=1 keys=_last_regenerate,lang,_csrf_token,user,user_id,tenant_id,role,login_at,login_ip,_fingerprint,jwt,session_token_hash cookie=7dbb345d5d598c959e468f96e7fd151c
[05-Sep-2026 21:08:52 Europe/Amsterdam] [SESSION] Start: status=2 id=7dbb345d5d598c959e468f96e7fd151c secure=1 keys=_last_regenerate,lang,_csrf_token,user,user_id,tenant_id,role,login_at,login_ip,_fingerprint,jwt,session_token_hash cookie=7dbb345d5d598c959e468f96e7fd151c
[05-Sep-2026 21:08:53 Europe/Amsterdam] [SESSION] Start: status=2 id=7dbb345d5d598c959e468f96e7fd151c secure=1 keys=_last_regenerate,lang,_csrf_token,user,user_id,tenant_id,role,login_at,login_ip,_fingerprint,jwt,session_token_hash cookie=7dbb345d5d598c959e468f96e7fd151c
[05-Sep-2026 21:08:57 Europe/Amsterdam] [SESSION] Start: status=2 id=7dbb345d5d598c959e468f96e7fd151c secure=1 keys=_last_regenerate,lang,_csrf_token,user,user_id,tenant_id,role,login_at,login_ip,_fingerprint,jwt,session_token_hash cookie=7dbb345d5d598c959e468f96e7fd151c
[05-Sep-2026 21:09:04 Europe/Amsterdam] [SESSION] Start: status=2 id=7dbb345d5d598c959e468f96e7fd151c secure=1 keys=_last_regenerate,lang,_csrf_token,user,user_id,tenant_id,role,login_at,login_ip,_fingerprint,jwt,session_token_hash cookie=7dbb345d5d598c959e468f96e7fd151c
[05-Sep-2026 21:10:45 Europe/Amsterdam] [SESSION] Start: status=2 id=7dbb345d5d598c959e468f96e7fd151c secure=1 keys=_last_regenerate,lang,_csrf_token,user,user_id,tenant_id,role,login_at,login_ip,_fingerprint,jwt,session_token_hash cookie=7dbb345d5d598c959e468f96e7fd151c
[05-Sep-2026 21:11:59 Europe/Amsterdam] [SESSION] Start: status=2 id=55c0704a1d168c3c12a5364899cde9d4 secure=1 keys=_last_regenerate,lang,_csrf_token,user,user_id,tenant_id,role,login_at,login_ip,_fingerprint,jwt,session_token_hash cookie=55c0704a1d168c3c12a5364899cde9d4
[05-Sep-2026 21:12:01 Europe/Amsterdam] [SESSION] Start: status=2 id=55c0704a1d168c3c12a5364899cde9d4 secure=1 keys=_last_regenerate,lang,_csrf_token,user,user_id,tenant_id,role,login_at,login_ip,_fingerprint,jwt,session_token_hash cookie=55c0704a1d168c3c12a5364899cde9d4
[05-Sep-2026 21:17:22 Europe/Amsterdam] [SESSION] Start: status=2 id=55c0704a1d168c3c12a5364899cde9d4 secure=1 keys=_last_regenerate,lang,_csrf_token,user,user_id,tenant_id,role,login_at,login_ip,_fingerprint,jwt,session_token_hash cookie=55c0704a1d168c3c12a5364899cde9d4
[05-Sep-2026 21:17:25 Europe/Amsterdam] [SESSION] Start: status=2 id=9de7aa53177feafebc9943e7fdc33157 secure=1 keys=_last_regenerate,lang,_csrf_token,user,user_id,tenant_id,role,login_at,login_ip,_fingerprint,jwt,session_token_hash cookie=9de7aa53177feafebc9943e7fdc33157
[05-Sep-2026 21:17:27 Europe/Amsterdam] [SESSION] Start: status=2 id=9de7aa53177feafebc9943e7fdc33157 secure=1 keys=_last_regenerate,lang,_csrf_token,user,user_id,tenant_id,role,login_at,login_ip,_fingerprint,jwt,session_token_hash cookie=9de7aa53177feafebc9943e7fdc33157
[05-Sep-2026 21:18:09 Europe/Amsterdam] [SESSION] Start: status=2 id=9de7aa53177feafebc9943e7fdc33157 secure=1 keys=_last_regenerate,lang,_csrf_token,user,user_id,tenant_id,role,login_at,login_ip,_fingerprint,jwt,session_token_hash cookie=9de7aa53177feafebc9943e7fdc33157
[05-Sep-2026 21:18:12 Europe/Amsterdam] [SESSION] Start: status=2 id=9de7aa53177feafebc9943e7fdc33157 secure=1 keys=_last_regenerate,lang,_csrf_token,user,user_id,tenant_id,role,login_at,login_ip,_fingerprint,jwt,session_token_hash cookie=9de7aa53177feafebc9943e7fdc33157
[05-Sep-2026 21:18:18 Europe/Amsterdam] [SESSION] Start: status=2 id=f16bca516fb62cd5cfcb84ca3a43c580 secure=1 keys= cookie=none
[05-Sep-2026 21:19:36 Europe/Amsterdam] [SESSION] Start: status=2 id=9de7aa53177feafebc9943e7fdc33157 secure=1 keys=_last_regenerate,lang,_csrf_token,user,user_id,tenant_id,role,login_at,login_ip,_fingerprint,jwt,session_token_hash cookie=9de7aa53177feafebc9943e7fdc33157
[05-Sep-2026 21:19:41 Europe/Amsterdam] [SESSION] Start: status=2 id=9de7aa53177feafebc9943e7fdc33157 secure=1 keys=_last_regenerate,lang,_csrf_token,user,user_id,tenant_id,role,login_at,login_ip,_fingerprint,jwt,session_token_hash cookie=9de7aa53177feafebc9943e7fdc33157
[05-Sep-2026 21:19:52 Europe/Amsterdam] [SESSION] Start: status=2 id=9de7aa53177feafebc9943e7fdc33157 secure=1 keys=_last_regenerate,lang,_csrf_token,user,user_id,tenant_id,role,login_at,login_ip,_fingerprint,jwt,session_token_hash cookie=9de7aa53177feafebc9943e7fdc33157
[05-Sep-2026 21:19:55 Europe/Amsterdam] [SESSION] Start: status=2 id=9de7aa53177feafebc9943e7fdc33157 secure=1 keys=_last_regenerate,lang,_csrf_token,user,user_id,tenant_id,role,login_at,login_ip,_fingerprint,jwt,session_token_hash cookie=9de7aa53177feafebc9943e7fdc33157
[05-Sep-2026 21:21:01 Europe/Amsterdam] [SESSION] Start: status=2 id=9de7aa53177feafebc9943e7fdc33157 secure=1 keys=_last_regenerate,lang,_csrf_token,user,user_id,tenant_id,role,login_at,login_ip,_fingerprint,jwt,session_token_hash cookie=9de7aa53177feafebc9943e7fdc33157
[05-Sep-2026 21:21:04 Europe/Amsterdam] [SESSION] Start: status=2 id=9de7aa53177feafebc9943e7fdc33157 secure=1 keys=_last_regenerate,lang,_csrf_token,user,user_id,tenant_id,role,login_at,login_ip,_fingerprint,jwt,session_token_hash cookie=9de7aa53177feafebc9943e7fdc33157
[05-Sep-2026 21:21:06 Europe/Amsterdam] [SESSION] Start: status=2 id=9de7aa53177feafebc9943e7fdc33157 secure=1 keys=_last_regenerate,lang,_csrf_token,user,user_id,tenant_id,role,login_at,login_ip,_fingerprint,jwt,session_token_hash cookie=9de7aa53177feafebc9943e7fdc33157
[05-Sep-2026 21:21:17 Europe/Amsterdam] [SESSION] Start: status=2 id=9de7aa53177feafebc9943e7fdc33157 secure=1 keys=_last_regenerate,lang,_csrf_token,user,user_id,tenant_id,role,login_at,login_ip,_fingerprint,jwt,session_token_hash cookie=9de7aa53177feafebc9943e7fdc33157
[05-Sep-2026 21:21:59 Europe/Amsterdam] [SESSION] Start: status=2 id=9de7aa53177feafebc9943e7fdc33157 secure=1 keys=_last_regenerate,lang,_csrf_token,user,user_id,tenant_id,role,login_at,login_ip,_fingerprint,jwt,session_token_hash cookie=9de7aa53177feafebc9943e7fdc33157
[05-Sep-2026 21:22:01 Europe/Amsterdam] [SESSION] Start: status=2 id=9de7aa53177feafebc9943e7fdc33157 secure=1 keys=_last_regenerate,lang,_csrf_token,user,user_id,tenant_id,role,login_at,login_ip,_fingerprint,jwt,session_token_hash cookie=9de7aa53177feafebc9943e7fdc33157
[05-Sep-2026 21:22:06 Europe/Amsterdam] [SESSION] Start: status=2 id=9de7aa53177feafebc9943e7fdc33157 secure=1 keys=_last_regenerate,lang,_csrf_token,user,user_id,tenant_id,role,login_at,login_ip,_fingerprint,jwt,session_token_hash cookie=9de7aa53177feafebc9943e7fdc33157
[05-Sep-2026 21:22:09 Europe/Amsterdam] [SESSION] Start: status=2 id=9de7aa53177feafebc9943e7fdc33157 secure=1 keys=_last_regenerate,lang,_csrf_token,user,user_id,tenant_id,role,login_at,login_ip,_fingerprint,jwt,session_token_hash cookie=9de7aa53177feafebc9943e7fdc33157
[05-Sep-2026 21:22:10 Europe/Amsterdam] [SESSION] Start: status=2 id=9de7aa53177feafebc9943e7fdc33157 secure=1 keys=_last_regenerate,lang,_csrf_token,user,user_id,tenant_id,role,login_at,login_ip,_fingerprint,jwt,session_token_hash cookie=9de7aa53177feafebc9943e7fdc33157
[05-Sep-2026 21:22:41 Europe/Amsterdam] [SESSION] Start: status=2 id=test secure=1 keys= cookie=test
[05-Sep-2026 21:22:46 Europe/Amsterdam] [SESSION] Start: status=2 id=788b0599c9799936789553d9bfe277c8 secure=1 keys= cookie=none
[05-Sep-2026 21:23:06 Europe/Amsterdam] [SESSION] Start: status=2 id=4dfd2b7822120105c78f3254d8030006 secure=1 keys= cookie=none
[05-Sep-2026 21:23:37 Europe/Amsterdam] [SESSION] Start: status=2 id=9de7aa53177feafebc9943e7fdc33157 secure=1 keys=_last_regenerate,lang,_csrf_token,user,user_id,tenant_id,role,login_at,login_ip,_fingerprint,jwt,session_token_hash cookie=9de7aa53177feafebc9943e7fdc33157
[05-Sep-2026 21:23:40 Europe/Amsterdam] [SESSION] Start: status=2 id=85eaa8d9cc7b350e92badb690e76932f secure=1 keys=_last_regenerate,lang,_csrf_token,user,user_id,tenant_id,role,login_at,login_ip,_fingerprint,jwt,session_token_hash cookie=85eaa8d9cc7b350e92badb690e76932f
[05-Sep-2026 21:23:44 Europe/Amsterdam] [SESSION] Start: status=2 id=85eaa8d9cc7b350e92badb690e76932f secure=1 keys=_last_regenerate,lang,_csrf_token,user,user_id,tenant_id,role,login_at,login_ip,_fingerprint,jwt,session_token_hash cookie=85eaa8d9cc7b350e92badb690e76932f
[05-Sep-2026 21:24:07 Europe/Amsterdam] [SESSION] Start: status=2 id=85eaa8d9cc7b350e92badb690e76932f secure=1 keys=_last_regenerate,lang,_csrf_token,user,user_id,tenant_id,role,login_at,login_ip,_fingerprint,jwt,session_token_hash cookie=85eaa8d9cc7b350e92badb690e76932f
[05-Sep-2026 21:24:08 Europe/Amsterdam] [SESSION] Start: status=2 id=85eaa8d9cc7b350e92badb690e76932f secure=1 keys=_last_regenerate,lang,_csrf_token,user,user_id,tenant_id,role,login_at,login_ip,_fingerprint,jwt,session_token_hash cookie=85eaa8d9cc7b350e92badb690e76932f
[05-Sep-2026 21:24:09 Europe/Amsterdam] [SESSION] Start: status=2 id=85eaa8d9cc7b350e92badb690e76932f secure=1 keys=_last_regenerate,lang,_csrf_token,user,user_id,tenant_id,role,login_at,login_ip,_fingerprint,jwt,session_token_hash cookie=85eaa8d9cc7b350e92badb690e76932f
[05-Sep-2026 21:24:12 Europe/Amsterdam] [SESSION] Start: status=2 id=85eaa8d9cc7b350e92badb690e76932f secure=1 keys=_last_regenerate,lang,_csrf_token,user,user_id,tenant_id,role,login_at,login_ip,_fingerprint,jwt,session_token_hash cookie=85eaa8d9cc7b350e92badb690e76932f
[05-Sep-2026 21:24:17 Europe/Amsterdam] [SESSION] Start: status=2 id=85eaa8d9cc7b350e92badb690e76932f secure=1 keys=_last_regenerate,lang,_csrf_token,user,user_id,tenant_id,role,login_at,login_ip,_fingerprint,jwt,session_token_hash cookie=85eaa8d9cc7b350e92badb690e76932f
[05-Sep-2026 21:24:19 Europe/Amsterdam] [SESSION] Start: status=2 id=85eaa8d9cc7b350e92badb690e76932f secure=1 keys=_last_regenerate,lang,_csrf_token,user,user_id,tenant_id,role,login_at,login_ip,_fingerprint,jwt,session_token_hash cookie=85eaa8d9cc7b350e92badb690e76932f
[05-Sep-2026 21:24:19 Europe/Amsterdam] [SESSION] Start: status=2 id=85eaa8d9cc7b350e92badb690e76932f secure=1 keys=_last_regenerate,lang,_csrf_token,user,user_id,tenant_id,role,login_at,login_ip,_fingerprint,jwt,session_token_hash cookie=85eaa8d9cc7b350e92badb690e76932f
[05-Sep-2026 21:24:32 Europe/Amsterdam] [SESSION] Start: status=2 id=85eaa8d9cc7b350e92badb690e76932f secure=1 keys=_last_regenerate,lang,_csrf_token,user,user_id,tenant_id,role,login_at,login_ip,_fingerprint,jwt,session_token_hash cookie=85eaa8d9cc7b350e92badb690e76932f
[05-Sep-2026 21:24:32 Europe/Amsterdam] [MountService] Audit failed: SQLSTATE[42S22]: Column not found: 1054 Unknown column 'metadata' in 'INSERT INTO'
[05-Sep-2026 21:24:43 Europe/Amsterdam] [SESSION] Start: status=2 id=85eaa8d9cc7b350e92badb690e76932f secure=1 keys=_last_regenerate,lang,_csrf_token,user,user_id,tenant_id,role,login_at,login_ip,_fingerprint,jwt,session_token_hash cookie=85eaa8d9cc7b350e92badb690e76932f
[05-Sep-2026 21:24:43 Europe/Amsterdam] [MountService] Audit failed: SQLSTATE[42S22]: Column not found: 1054 Unknown column 'metadata' in 'INSERT INTO'
[05-Sep-2026 21:45:02 Europe/Amsterdam] [SESSION] Start: status=2 id=85eaa8d9cc7b350e92badb690e76932f secure=1 keys=_last_regenerate,lang,_csrf_token,user,user_id,tenant_id,role,login_at,login_ip,_fingerprint,jwt,session_token_hash cookie=85eaa8d9cc7b350e92badb690e76932f
[05-Sep-2026 21:45:02 Europe/Amsterdam] [SESSION] Start: status=2 id=85eaa8d9cc7b350e92badb690e76932f secure=1 keys=_last_regenerate,lang,_csrf_token,user,user_id,tenant_id,role,login_at,login_ip,_fingerprint,jwt,session_token_hash cookie=85eaa8d9cc7b350e92badb690e76932f
[05-Sep-2026 21:45:07 Europe/Amsterdam] [SESSION] Start: status=2 id=85eaa8d9cc7b350e92badb690e76932f secure=1 keys=_last_regenerate,lang,_csrf_token,user,user_id,tenant_id,role,login_at,login_ip,_fingerprint,jwt,session_token_hash cookie=85eaa8d9cc7b350e92badb690e76932f
[05-Sep-2026 21:45:09 Europe/Amsterdam] [SESSION] Start: status=2 id=85eaa8d9cc7b350e92badb690e76932f secure=1 keys=_last_regenerate,lang,_csrf_token,user,user_id,tenant_id,role,login_at,login_ip,_fingerprint,jwt,session_token_hash cookie=85eaa8d9cc7b350e92badb690e76932f
[05-Sep-2026 21:45:10 Europe/Amsterdam] [SESSION] Start: status=2 id=85eaa8d9cc7b350e92badb690e76932f secure=1 keys=_last_regenerate,lang,_csrf_token,user,user_id,tenant_id,role,login_at,login_ip,_fingerprint,jwt,session_token_hash cookie=85eaa8d9cc7b350e92badb690e76932f
[05-Sep-2026 21:51:28 Europe/Amsterdam] [SESSION] Start: status=2 id=85eaa8d9cc7b350e92badb690e76932f secure=1 keys=_last_regenerate,lang,_csrf_token,user,user_id,tenant_id,role,login_at,login_ip,_fingerprint,jwt,session_token_hash cookie=85eaa8d9cc7b350e92badb690e76932f
[05-Sep-2026 21:51:30 Europe/Amsterdam] [SESSION] Start: status=2 id=85eaa8d9cc7b350e92badb690e76932f secure=1 keys=_last_regenerate,lang,_csrf_token,user,user_id,tenant_id,role,login_at,login_ip,_fingerprint,jwt,session_token_hash cookie=85eaa8d9cc7b350e92badb690e76932f
[05-Sep-2026 21:54:20 Europe/Amsterdam] [SESSION] Start: status=2 id=85eaa8d9cc7b350e92badb690e76932f secure=1 keys=_last_regenerate,lang,_csrf_token,user,user_id,tenant_id,role,login_at,login_ip,_fingerprint,jwt,session_token_hash cookie=85eaa8d9cc7b350e92badb690e76932f
[05-Sep-2026 21:54:22 Europe/Amsterdam] [SESSION] Start: status=2 id=85eaa8d9cc7b350e92badb690e76932f secure=1 keys=_last_regenerate,lang,_csrf_token,user,user_id,tenant_id,role,login_at,login_ip,_fingerprint,jwt,session_token_hash cookie=85eaa8d9cc7b350e92badb690e76932f
